components/ui/apple-cards-carousel.tsx(20,10): error TS2503: Cannot find namespace 'JSX'.
components/ui/apple-cards-carousel.tsx(124,21): error TS2322: Type '{ opacity: number; y: number; transition: { duration: number; delay: number; ease: "easeOut"; once: true; }; }' is not assignable to type 'boolean | TargetAndTransition | VariantLabels | LegacyAnimationControls | undefined'.
  Types of property 'transition' are incompatible.
    Object literal may only specify known properties, and 'once' does not exist in type 'Transition<any>'.
components/ui/apple-cards-carousel.tsx(186,19): error TS2345: Argument of type 'RefObject<HTMLDivElement | null>' is not assignable to parameter of type 'RefObject<HTMLDivElement>'.
  Type 'HTMLDivElement | null' is not assignable to type 'HTMLDivElement'.
    Type 'null' is not assignable to type 'HTMLDivElement'.
